// Jest Snapshot v1, https://goo.gl/fbAQLP

exports[`renders correctly 1`] = `
<p>
  1482363367.071
   seconds have elapsed since the UNIX epoch.
</p>
`;
