// Jest Snapshot v1, https://goo.gl/fbAQLP

exports[`code coverage for Handlebars 1`] = `
"-----------|---------|----------|---------|---------|-------------------
File       | % Stmts | % Branch | % Funcs | % Lines | Uncovered Line #s 
-----------|---------|----------|---------|---------|-------------------
All files  |      60 |       45 |      50 |   55.55 |                   
 greet.hbs |      60 |       45 |      50 |   55.55 | 5,8-11            
-----------|---------|----------|---------|---------|-------------------"
`;
