// Jest Snapshot v1, https://goo.gl/fbAQLP

exports[`all 3 test files should complete 1`] = `
"Test Suites: 3 passed, 3 total
Tests:       3 passed, 3 total
Snapshots:   0 total
Time:        <<REPLACED>>
Ran all test suites."
`;
