// Jest Snapshot v1, https://goo.gl/fbAQLP

exports[`snapshot some snapshots exists and are fine 1`] = `"normal"`;
