// Jest Snapshot v1, https://goo.gl/fbAQLP

exports[`TestPathPatterns toPretty renders a human-readable string 1`] = `"a/b|c/d"`;

exports[`TestPathPatternsExecutor toPretty renders a human-readable string 1`] = `"a/b|c/d"`;
