// Jest Snapshot v1, https://goo.gl/fbAQLP

exports[`expectationResultFactory returns the result if failed (with \`error.stack\` not as a string). 1`] = `
"thrown: Object {
  "stack": 42,
}"
`;

exports[`expectationResultFactory returns the result if passed. 1`] = `
Object {
  "error": undefined,
  "matcherName": "testMatcher",
  "message": "Passed.",
  "passed": true,
  "stack": "",
}
`;
